Archive member included to satisfy reference by file (symbol)

c:/progra~2/armgnu~1/125863~1.3re/bin/../lib/gcc/arm-none-eabi/12.3.1/thumb/v7-m/nofp\libg.a(libc_a-exit.o)
                              c:/progra~2/armgnu~1/125863~1.3re/bin/../lib/gcc/arm-none-eabi/12.3.1/thumb/v7-m/nofp/crt0.o (exit)
c:/progra~2/armgnu~1/125863~1.3re/bin/../lib/gcc/arm-none-eabi/12.3.1/thumb/v7-m/nofp\libg.a(libc_a-findfp.o)
                              c:/progra~2/armgnu~1/125863~1.3re/bin/../lib/gcc/arm-none-eabi/12.3.1/thumb/v7-m/nofp\libg.a(libc_a-exit.o) (__stdio_exit_handler)
c:/progra~2/armgnu~1/125863~1.3re/bin/../lib/gcc/arm-none-eabi/12.3.1/thumb/v7-m/nofp\libg.a(libc_a-fwalk.o)
                              c:/progra~2/armgnu~1/125863~1.3re/bin/../lib/gcc/arm-none-eabi/12.3.1/thumb/v7-m/nofp\libg.a(libc_a-findfp.o) (_fwalk_sglue)
c:/progra~2/armgnu~1/125863~1.3re/bin/../lib/gcc/arm-none-eabi/12.3.1/thumb/v7-m/nofp\libg.a(libc_a-stdio.o)
                              c:/progra~2/armgnu~1/125863~1.3re/bin/../lib/gcc/arm-none-eabi/12.3.1/thumb/v7-m/nofp\libg.a(libc_a-findfp.o) (__sread)
c:/progra~2/armgnu~1/125863~1.3re/bin/../lib/gcc/arm-none-eabi/12.3.1/thumb/v7-m/nofp\libg.a(libc_a-memset.o)
                              c:/progra~2/armgnu~1/125863~1.3re/bin/../lib/gcc/arm-none-eabi/12.3.1/thumb/v7-m/nofp/crt0.o (memset)
c:/progra~2/armgnu~1/125863~1.3re/bin/../lib/gcc/arm-none-eabi/12.3.1/thumb/v7-m/nofp\libg.a(libc_a-strchr.o)
                              CMakeFiles/RC2.elf.dir/Core/Src/main.c.obj (strchr)
c:/progra~2/armgnu~1/125863~1.3re/bin/../lib/gcc/arm-none-eabi/12.3.1/thumb/v7-m/nofp\libg.a(libc_a-strstr.o)
                              CMakeFiles/RC2.elf.dir/Core/Src/My_esp8266.c.obj (strstr)
c:/progra~2/armgnu~1/125863~1.3re/bin/../lib/gcc/arm-none-eabi/12.3.1/thumb/v7-m/nofp\libg.a(libc_a-closer.o)
                              c:/progra~2/armgnu~1/125863~1.3re/bin/../lib/gcc/arm-none-eabi/12.3.1/thumb/v7-m/nofp\libg.a(libc_a-stdio.o) (_close_r)
c:/progra~2/armgnu~1/125863~1.3re/bin/../lib/gcc/arm-none-eabi/12.3.1/thumb/v7-m/nofp\libg.a(libc_a-reent.o)
                              c:/progra~2/armgnu~1/125863~1.3re/bin/../lib/gcc/arm-none-eabi/12.3.1/thumb/v7-m/nofp\libg.a(libc_a-closer.o) (errno)
c:/progra~2/armgnu~1/125863~1.3re/bin/../lib/gcc/arm-none-eabi/12.3.1/thumb/v7-m/nofp\libg.a(libc_a-impure.o)
                              c:/progra~2/armgnu~1/125863~1.3re/bin/../lib/gcc/arm-none-eabi/12.3.1/thumb/v7-m/nofp\libg.a(libc_a-reent.o) (_impure_ptr)
c:/progra~2/armgnu~1/125863~1.3re/bin/../lib/gcc/arm-none-eabi/12.3.1/thumb/v7-m/nofp\libg.a(libc_a-lseekr.o)
                              c:/progra~2/armgnu~1/125863~1.3re/bin/../lib/gcc/arm-none-eabi/12.3.1/thumb/v7-m/nofp\libg.a(libc_a-stdio.o) (_lseek_r)
c:/progra~2/armgnu~1/125863~1.3re/bin/../lib/gcc/arm-none-eabi/12.3.1/thumb/v7-m/nofp\libg.a(libc_a-readr.o)
                              c:/progra~2/armgnu~1/125863~1.3re/bin/../lib/gcc/arm-none-eabi/12.3.1/thumb/v7-m/nofp\libg.a(libc_a-stdio.o) (_read_r)
c:/progra~2/armgnu~1/125863~1.3re/bin/../lib/gcc/arm-none-eabi/12.3.1/thumb/v7-m/nofp\libg.a(libc_a-writer.o)
                              c:/progra~2/armgnu~1/125863~1.3re/bin/../lib/gcc/arm-none-eabi/12.3.1/thumb/v7-m/nofp\libg.a(libc_a-stdio.o) (_write_r)
c:/progra~2/armgnu~1/125863~1.3re/bin/../lib/gcc/arm-none-eabi/12.3.1/thumb/v7-m/nofp\libg.a(libc_a-errno.o)
                              CMakeFiles/RC2.elf.dir/Core/Src/syscalls.c.obj (__errno)
c:/progra~2/armgnu~1/125863~1.3re/bin/../lib/gcc/arm-none-eabi/12.3.1/thumb/v7-m/nofp\libg.a(libc_a-init.o)
                              c:/progra~2/armgnu~1/125863~1.3re/bin/../lib/gcc/arm-none-eabi/12.3.1/thumb/v7-m/nofp/crt0.o (__libc_init_array)
c:/progra~2/armgnu~1/125863~1.3re/bin/../lib/gcc/arm-none-eabi/12.3.1/thumb/v7-m/nofp\libg.a(libc_a-lock.o)
                              c:/progra~2/armgnu~1/125863~1.3re/bin/../lib/gcc/arm-none-eabi/12.3.1/thumb/v7-m/nofp\libg.a(libc_a-findfp.o) (__retarget_lock_init_recursive)
c:/progra~2/armgnu~1/125863~1.3re/bin/../lib/gcc/arm-none-eabi/12.3.1/thumb/v7-m/nofp\libg.a(libc_a-strlen-stub.o)
                              c:/progra~2/armgnu~1/125863~1.3re/bin/../lib/gcc/arm-none-eabi/12.3.1/thumb/v7-m/nofp\libg.a(libc_a-strstr.o) (strlen)
c:/progra~2/armgnu~1/125863~1.3re/bin/../lib/gcc/arm-none-eabi/12.3.1/thumb/v7-m/nofp\libg.a(libc_a-__call_atexit.o)
                              c:/progra~2/armgnu~1/125863~1.3re/bin/../lib/gcc/arm-none-eabi/12.3.1/thumb/v7-m/nofp\libg.a(libc_a-exit.o) (__call_exitprocs)
c:/progra~2/armgnu~1/125863~1.3re/bin/../lib/gcc/arm-none-eabi/12.3.1/thumb/v7-m/nofp\libg.a(libc_a-atexit.o)
                              c:/progra~2/armgnu~1/125863~1.3re/bin/../lib/gcc/arm-none-eabi/12.3.1/thumb/v7-m/nofp\libg.a(libc_a-__call_atexit.o) (atexit)
c:/progra~2/armgnu~1/125863~1.3re/bin/../lib/gcc/arm-none-eabi/12.3.1/thumb/v7-m/nofp\libg.a(libc_a-freer.o)
[...]
Memory Configuration

Name             Origin             Length             Attributes
RAM              0x20000000         0x00005000         xrw
FLASH            0x08000000         0x00010000         xr
*default*        0x00000000         0xffffffff

Linker script and memory map

LOAD c:/progra~2/armgnu~1/125863~1.3re/bin/../lib/gcc/arm-none-eabi/12.3.1/thumb/v7-m/nofp/crti.o
LOAD c:/progra~2/armgnu~1/125863~1.3re/bin/../lib/gcc/arm-none-eabi/12.3.1/thumb/v7-m/nofp/crtbegin.o
LOAD c:/progra~2/armgnu~1/125863~1.3re/bin/../lib/gcc/arm-none-eabi/12.3.1/thumb/v7-m/nofp/crt0.o
LOAD CMakeFiles/RC2.elf.dir/Core/Src/My_esp8266.c.obj
LOAD CMakeFiles/RC2.elf.dir/Core/Src/dma.c.obj
LOAD CMakeFiles/RC2.elf.dir/Core/Src/gpio.c.obj
LOAD CMakeFiles/RC2.elf.dir/Core/Src/main.c.obj
LOAD CMakeFiles/RC2.elf.dir/Core/Src/stm32f1xx_hal_msp.c.obj
LOAD CMakeFiles/RC2.elf.dir/Core/Src/stm32f1xx_it.c.obj
LOAD CMakeFiles/RC2.elf.dir/Core/Src/syscalls.c.obj
LOAD CMakeFiles/RC2.elf.dir/Core/Src/sysmem.c.obj
LOAD CMakeFiles/RC2.elf.dir/Core/Src/system_stm32f1xx.c.obj
LOAD CMakeFiles/RC2.elf.dir/Core/Src/tim.c.obj
LOAD CMakeFiles/RC2.elf.dir/Core/Src/usart.c.obj
LOAD CMakeFiles/RC2.elf.dir/Core/Startup/startup_stm32f103c8tx.s.obj
LOAD CMakeFiles/RC2.elf.dir/Drivers/STM32F1xx_HAL_Driver/Src/stm32f1xx_hal.c.obj
LOAD CMakeFiles/RC2.elf.dir/Drivers/STM32F1xx_HAL_Driver/Src/stm32f1xx_hal_cortex.c.obj
LOAD CMakeFiles/RC2.elf.dir/Drivers/STM32F1xx_HAL_Driver/Src/stm32f1xx_hal_dma.c.obj
LOAD CMakeFiles/RC2.elf.dir/Drivers/STM32F1xx_HAL_Driver/Src/stm32f1xx_hal_exti.c.obj
LOAD CMakeFiles/RC2.elf.dir/Drivers/STM32F1xx_HAL_Driver/Src/stm32f1xx_hal_flash.c.obj
LOAD CMakeFiles/RC2.elf.dir/Drivers/STM32F1xx_HAL_Driver/Src/stm32f1xx_hal_flash_ex.c.obj
LOAD CMakeFiles/RC2.elf.dir/Drivers/STM32F1xx_HAL_Driver/Src/stm32f1xx_hal_gpio.c.obj
LOAD CMakeFiles/RC2.elf.dir/Drivers/STM32F1xx_HAL_Driver/Src/stm32f1xx_hal_gpio_ex.c.obj
LOAD CMakeFiles/RC2.elf.dir/Drivers/STM32F1xx_HAL_Driver/Src/stm32f1xx_hal_pwr.c.obj
LOAD CMakeFiles/RC2.elf.dir/Drivers/STM32F1xx_HAL_Driver/Src/stm32f1xx_hal_rcc.c.obj
LOAD CMakeFiles/RC2.elf.dir/Drivers/STM32F1xx_HAL_Driver/Src/stm32f1xx_hal_rcc_ex.c.obj
LOAD CMakeFiles/RC2.elf.dir/Drivers/STM32F1xx_HAL_Driver/Src/stm32f1xx_hal_tim.c.obj
LOAD CMakeFiles/RC2.elf.dir/Drivers/STM32F1xx_HAL_Driver/Src/stm32f1xx_hal_tim_ex.c.obj
LOAD CMakeFiles/RC2.elf.dir/Drivers/STM32F1xx_HAL_Driver/Src/stm32f1xx_hal_uart.c.obj
START GROUP
LOAD c:/progra~2/armgnu~1/125863~1.3re/bin/../lib/gcc/arm-none-eabi/12.3.1/thumb/v7-m/nofp\libgcc.a
LOAD c:/progra~2/armgnu~1/125863~1.3re/bin/../lib/gcc/arm-none-eabi/12.3.1/thumb/v7-m/nofp\libg.a
LOAD c:/progra~2/armgnu~1/125863~1.3re/bin/../lib/gcc/arm-none-eabi/12.3.1/thumb/v7-m/nofp\libc.a
END GROUP
LOAD c:/progra~2/armgnu~1/125863~1.3re/bin/../lib/gcc/arm-none-eabi/12.3.1/thumb/v7-m/nofp/crtend.o
LOAD c:/progra~2/armgnu~1/125863~1.3re/bin/../lib/gcc/arm-none-eabi/12.3.1/thumb/v7-m/nofp/crtn.o
                0x20005000                        _estack = (ORIGIN (RAM) + LENGTH (RAM))
                0x00000200                        _Min_Heap_Size = 0x200
                0x00000400                        _Min_Stack_Size = 0x400

.isr_vector     0x08000000      0x10c
                0x08000000                        . = ALIGN (0x4)
 *(.isr_vector)
 .isr_vector    0x08000000      0x10c CMakeFiles/RC2.elf.dir/Core/Startup/startup_stm32f103c8tx.s.obj
                0x08000000                g_pfnVectors
                0x0800010c                        . = ALIGN (0x4)

.text           0x0800010c     0x2978
                0x0800010c                        . = ALIGN (0x4)
 *(.text)
 *(.text*)
 .text.deregister_tm_clones
                0x0800010c       0x1c c:/progra~2/armgnu~1/125863~1.3re/bin/../lib/gcc/arm-none-eabi/12.3.1/thumb/v7-m/nofp/crtbegin.o
 .text.register_tm_clones
                0x08000128       0x24 c:/progra~2/armgnu~1/125863~1.3re/bin/../lib/gcc/arm-none-eabi/12.3.1/thumb/v7-m/nofp/crtbegin.o
 .text.__do_global_dtors_aux
                0x0800014c       0x28 c:/progra~2/armgnu~1/125863~1.3re/bin/../lib/gcc/arm-none-eabi/12.3.1/thumb/v7-m/nofp/crtbegin.o
 .text.frame_dummy
                0x08000174       0x24 c:/progra~2/armgnu~1/125863~1.3re/bin/../lib/gcc/arm-none-eabi/12.3.1/thumb/v7-m/nofp/crtbegin.o
 .text.u2_printf
                0x08000198       0x68 CMakeFiles/RC2.elf.dir/Core/Src/My_esp8266.c.obj
                0x08000198                u2_printf
 .text.esp8266_send_cmd
                0x08000200       0x50 CMakeFiles/RC2.elf.dir/Core/Src/My_esp8266.c.obj
                0x08000200                esp8266_send_cmd
 .text.esp8266_start_trans
                0x08000250       0x84 CMakeFiles/RC2.elf.dir/Core/Src/My_esp8266.c.obj
                0x08000250                esp8266_start_trans
 .text.MX_GPIO_Init
                0x080002d4       0xdc CMakeFiles/RC2.elf.dir/Core/Src/gpio.c.obj
                0x080002d4                MX_GPIO_Init
 .text.HAL_UART_RxCpltCallback
                0x080003b0       0xa8 CMakeFiles/RC2.elf.dir/Core/Src/main.c.obj
                0x080003b0                HAL_UART_RxCpltCallback
 .text.Error_Handler
                0x08000458        0x4 CMakeFiles/RC2.elf.dir/Core/Src/main.c.obj
                0x08000458                Error_Handler
 .text.SystemClock_Config
                0x0800045c       0x64 CMakeFiles/RC2.elf.dir/Core/Src/main.c.obj
                0x0800045c                SystemClock_Config
 .text.main     0x080004c0      0x340 CMakeFiles/RC2.elf.dir/Core/Src/main.c.obj
                0x080004c0                main
 .text.HAL_MspInit
                0x08000800       0x44 CMakeFiles/RC2.elf.dir/Core/Src/stm32f1xx_hal_msp.c.obj
                0x08000800                HAL_MspInit
 .text.NMI_Handler
                0x08000844        0x2 CMakeFiles/RC2.elf.dir/Core/Src/stm32f1xx_it.c.obj
                0x08000844                NMI_Handler
 .text.HardFault_Handler
                0x08000846        0x2 CMakeFiles/RC2.elf.dir/Core/Src/stm32f1xx_it.c.obj
                0x08000846                HardFault_Handler
 .text.MemManage_Handler
                0x08000848        0x2 CMakeFiles/RC2.elf.dir/Core/Src/stm32f1xx_it.c.obj
                0x08000848                MemManage_Handler
 .text.BusFault_Handler
                0x0800084a        0x2 CMakeFiles/RC2.elf.dir/Core/Src/stm32f1xx_it.c.obj
                0x0800084a                BusFault_Handler
 .text.UsageFault_Handler
                0x0800084c        0x2 CMakeFiles/RC2.elf.dir/Core/Src/stm32f1xx_it.c.obj
                0x0800084c                UsageFault_Handler
 .text.SVC_Handler
                0x0800084e        0x2 CMakeFiles/RC2.elf.dir/Core/Src/stm32f1xx_it.c.obj
                0x0800084e                SVC_Handler
 .text.DebugMon_Handler
                0x08000850        0x2 CMakeFiles/RC2.elf.dir/Core/Src/stm32f1xx_it.c.obj
                0x08000850                DebugMon_Handler
 .text.PendSV_Handler
                0x08000852        0x2 CMakeFiles/RC2.elf.dir/Core/Src/stm32f1xx_it.c.obj
                0x08000852                PendSV_Handler
 .text.SysTick_Handler
                0x08000854        0x8 CMakeFiles/RC2.elf.dir/Core/Src/stm32f1xx_it.c.obj
                0x08000854                SysTick_Handler
 .text.TIM2_IRQHandler
                0x0800085c       0x10 CMakeFiles/RC2.elf.dir/Core/Src/stm32f1xx_it.c.obj
                0x0800085c                TIM2_IRQHandler
 .text.USART3_IRQHandler
                0x0800086c       0x10 CMakeFiles/RC2.elf.dir/Core/Src/stm32f1xx_it.c.obj
                0x0800086c                USART3_IRQHandler
 .text.SystemInit
                0x0800087c        0x2 CMakeFiles/RC2.elf.dir/Core/Src/system_stm32f1xx.c.obj
                0x0800087c                SystemInit
 *fill*         0x0800087e        0x2 
 .text.MX_TIM1_Init
                0x08000880       0x90 CMakeFiles/RC2.elf.dir/Core/Src/tim.c.obj
                0x08000880                MX_TIM1_Init
 .text.MX_TIM2_Init
                0x08000910       0x70 CMakeFiles/RC2.elf.dir/Core/Src/tim.c.obj
                0x08000910                MX_TIM2_Init
 .text.MX_TIM3_Init
                0x08000980       0x90 CMakeFiles/RC2.elf.dir/Core/Src/tim.c.obj
                0x08000980                MX_TIM3_Init
 .text.HAL_TIM_Base_MspInit
                0x08000a10       0x80 CMakeFiles/RC2.elf.dir/Core/Src/tim.c.obj
                0x08000a10                HAL_TIM_Base_MspInit
 .text.MX_USART3_UART_Init
                0x08000a90       0x34 CMakeFiles/RC2.elf.dir/Core/Src/usart.c.obj
                0x08000a90                MX_USART3_UART_Init
 .text.HAL_UART_MspInit
                0x08000ac4       0x88 CMakeFiles/RC2.elf.dir/Core/Src/usart.c.obj
                0x08000ac4                HAL_UART_MspInit
 .text.Reset_Handler
                0x08000b4c       0x48 CMakeFiles/RC2.elf.dir/Core/Startup/startup_stm32f103c8tx.s.obj
                0x08000b4c                Reset_Handler
 .text.Default_Handler
                0x08000b94        0x2 CMakeFiles/RC2.elf.dir/Core/Startup/startup_stm32f103c8tx.s.obj
                0x08000b94                RTC_Alarm_IRQHandler
                0x08000b94                EXTI2_IRQHandler
                0x08000b94                TIM1_CC_IRQHandler
                0x08000b94                PVD_IRQHandler
                0x08000b94                EXTI3_IRQHandler
                0x08000b94                EXTI0_IRQHandler
                0x08000b94                I2C2_EV_IRQHandler
                0x08000b94                ADC1_2_IRQHandler
                0x08000b94                SPI1_IRQHandler
                0x08000b94                TAMPER_IRQHandler
                0x08000b94                DMA1_Channel4_IRQHandler
                0x08000b94                RTC_IRQHandler
                0x08000b94                DMA1_Channel7_IRQHandler
                0x08000b94                CAN1_RX1_IRQHandler
                0x08000b94                TIM4_IRQHandler
                0x08000b94                I2C1_EV_IRQHandler
                0x08000b94                DMA1_Channel6_IRQHandler
                0x08000b94                TIM3_IRQHandler
                0x08000b94                RCC_IRQHandler
                0x08000b94                TIM1_TRG_COM_IRQHandler
                0x08000b94                DMA1_Channel1_IRQHandler
                0x08000b94                Default_Handler
                0x08000b94                EXTI15_10_IRQHandler
                0x08000b94                EXTI9_5_IRQHandler
                0x08000b94                SPI2_IRQHandler
                0x08000b94                DMA1_Channel5_IRQHandler
                0x08000b94                EXTI4_IRQHandler
                0x08000b94                USB_LP_CAN1_RX0_IRQHandler
                0x08000b94                USB_HP_CAN1_TX_IRQHandler
                0x08000b94                DMA1_Channel3_IRQHandler
                0x08000b94                TIM1_UP_IRQHandler
                0x08000b94                WWDG_IRQHandler
                0x08000b94                TIM1_BRK_IRQHandler
                0x08000b94                EXTI1_IRQHandler
                0x08000b94                USART2_IRQHandler
                0x08000b94                I2C2_ER_IRQHandler
                0x08000b94                DMA1_Channel2_IRQHandler
                0x08000b94                CAN1_SCE_IRQHandler
                0x08000b94                FLASH_IRQHandler
                0x08000b94                USART1_IRQHandler
                0x08000b94                I2C1_ER_IRQHandler
                0x08000b94                USBWakeUp_IRQHandler
 *fill*         0x08000b96        0x2 
 .text.HAL_InitTick
                0x08000b98       0x4c CMakeFiles/RC2.elf.dir/Drivers/STM32F1xx_HAL_Driver/Src/stm32f1xx_hal.c.obj
                0x08000b98                HAL_InitTick
 .text.HAL_Init
                0x08000be4       0x24 CMakeFiles/RC2.elf.dir/Drivers/STM32F1xx_HAL_Driver/Src/stm32f1xx_hal.c.obj
                0x08000be4                HAL_Init
 .text.HAL_IncTick
                0x08000c08       0x18 CMakeFiles/RC2.elf.dir/Drivers/STM32F1xx_HAL_Driver/Src/stm32f1xx_hal.c.obj
                0x08000c08                HAL_IncTick
 .text.HAL_GetTick
                0x08000c20        0xc CMakeFiles/RC2.elf.dir/Drivers/STM32F1xx_HAL_Driver/Src/stm32f1xx_hal.c.obj
                0x08000c20                HAL_GetTick
 .text.HAL_Delay
                0x08000c2c       0x28 CMakeFiles/RC2.elf.dir/Drivers/STM32F1xx_HAL_Driver/Src/stm32f1xx_hal.c.obj
                0x08000c2c                HAL_Delay
 .text.__NVIC_SetPriority
                0x08000c54       0x28 CMakeFiles/RC2.elf.dir/Drivers/STM32F1xx_HAL_Driver/Src/stm32f1xx_hal_cortex.c.obj
 .text.NVIC_EncodePriority
                0x08000c7c       0x3e CMakeFiles/RC2.elf.dir/Drivers/STM32F1xx_HAL_Driver/Src/stm32f1xx_hal_cortex.c.obj
 *fill*         0x08000cba        0x2 
 .text.HAL_NVIC_SetPriorityGrouping
                0x08000cbc       0x24 CMakeFiles/RC2.elf.dir/Drivers/STM32F1xx_HAL_Driver/Src/stm32f1xx_hal_cortex.c.obj
                0x08000cbc                HAL_NVIC_SetPriorityGrouping
 .text.HAL_NVIC_SetPriority
                0x08000ce0       0x20 CMakeFiles/RC2.elf.dir/Drivers/STM32F1xx_HAL_Driver/Src/stm32f1xx_hal_cortex.c.obj
                0x08000ce0                HAL_NVIC_SetPriority
 .text.HAL_NVIC_EnableIRQ
                0x08000d00       0x1c CMakeFiles/RC2.elf.dir/Drivers/STM32F1xx_HAL_Driver/Src/stm32f1xx_hal_cortex.c.obj
                0x08000d00                HAL_NVIC_EnableIRQ
 .text.HAL_SYSTICK_Config
                0x08000d1c       0x28 CMakeFiles/RC2.elf.dir/Drivers/STM32F1xx_HAL_Driver/Src/stm32f1xx_hal_cortex.c.obj
                0x08000d1c                HAL_SYSTICK_Config
 .text.HAL_DMA_Abort
                0x08000d44       0x46 CMakeFiles/RC2.elf.dir/Drivers/STM32F1xx_HAL_Driver/Src/stm32f1xx_hal_dma.c.obj
                0x08000d44                HAL_DMA_Abort
 *fill*         0x08000d8a        0x2 
 .text.HAL_DMA_Abort_IT
                0x08000d8c       0x98 CMakeFiles/RC2.elf.dir/Drivers/STM32F1xx_HAL_Driver/Src/stm32f1xx_hal_dma.c.obj
                0x08000d8c                HAL_DMA_Abort_IT
 .text.HAL_GPIO_Init
                0x08000e24      0x21c CMakeFiles/RC2.elf.dir/Drivers/STM32F1xx_HAL_Driver/Src/stm32f1xx_hal_gpio.c.obj
                0x08000e24                HAL_GPIO_Init
 .text.HAL_GPIO_WritePin
                0x08001040        0xc CMakeFiles/RC2.elf.dir/Drivers/STM32F1xx_HAL_Driver/Src/stm32f1xx_hal_gpio.c.obj
                0x08001040                HAL_GPIO_WritePin
 .text.RCC_Delay
                0x0800104c       0x2c CMakeFiles/RC2.elf.dir/Drivers/STM32F1xx_HAL_Driver/Src/stm32f1xx_hal_rcc.c.obj
 .text.HAL_RCC_OscConfig
                0x08001078      0x410 CMakeFiles/RC2.elf.dir/Drivers/STM32F1xx_HAL_Driver/Src/stm32f1xx_hal_rcc.c.obj
                0x08001078                HAL_RCC_OscConfig
 .text.HAL_RCC_GetSysClockFreq
                0x08001488       0x54 CMakeFiles/RC2.elf.dir/Drivers/STM32F1xx_HAL_Driver/Src/stm32f1xx_hal_rcc.c.obj
                0x08001488                HAL_RCC_GetSysClockFreq
 .text.HAL_RCC_ClockConfig
                0x080014dc      0x16c CMakeFiles/RC2.elf.dir/Drivers/STM32F1xx_HAL_Driver/Src/stm32f1xx_hal_rcc.c.obj
                0x080014dc                HAL_RCC_ClockConfig
 .text.HAL_RCC_GetHCLKFreq
                0x08001648        0xc CMakeFiles/RC2.elf.dir/Drivers/STM32F1xx_HAL_Driver/Src/stm32f1xx_hal_rcc.c.obj
                0x08001648                HAL_RCC_GetHCLKFreq
 .text.HAL_RCC_GetPCLK1Freq
                0x08001654       0x20 CMakeFiles/RC2.elf.dir/Drivers/STM32F1xx_HAL_Driver/Src/stm32f1xx_hal_rcc.c.obj
                0x08001654                HAL_RCC_GetPCLK1Freq
 .text.HAL_RCC_GetPCLK2Freq
                0x08001674       0x20 CMakeFiles/RC2.elf.dir/Drivers/STM32F1xx_HAL_Driver/Src/stm32f1xx_hal_rcc.c.obj
                0x08001674                HAL_RCC_GetPCLK2Freq
 .text.TIM_TI1_ConfigInputStage
                0x08001694       0x24 CMakeFiles/RC2.elf.dir/Drivers/STM32F1xx_HAL_Driver/Src/stm32f1xx_hal_tim.c.obj
 .text.TIM_TI2_ConfigInputStage
                0x080016b8       0x26 CMakeFiles/RC2.elf.dir/Drivers/STM32F1xx_HAL_Driver/Src/stm32f1xx_hal_tim.c.obj
 .text.TIM_ITRx_SetConfig
                0x080016de       0x10 CMakeFiles/RC2.elf.dir/Drivers/STM32F1xx_HAL_Driver/Src/stm32f1xx_hal_tim.c.obj
 .text.HAL_TIM_PeriodElapsedCallback
                0x080016ee        0x2 CMakeFiles/RC2.elf.dir/Drivers/STM32F1xx_HAL_Driver/Src/stm32f1xx_hal_tim.c.obj
                0x080016ee                HAL_TIM_PeriodElapsedCallback
 .text.HAL_TIM_OC_DelayElapsedCallback
                0x080016f0        0x2 CMakeFiles/RC2.elf.dir/Drivers/STM32F1xx_HAL_Driver/Src/stm32f1xx_hal_tim.c.obj
                0x080016f0                HAL_TIM_OC_DelayElapsedCallback
 .text.HAL_TIM_IC_CaptureCallback
                0x080016f2        0x2 CMakeFiles/RC2.elf.dir/Drivers/STM32F1xx_HAL_Driver/Src/stm32f1xx_hal_tim.c.obj
                0x080016f2                HAL_TIM_IC_CaptureCallback
 .text.HAL_TIM_PWM_PulseFinishedCallback
                0x080016f4        0x2 CMakeFiles/RC2.elf.dir/Drivers/STM32F1xx_HAL_Driver/Src/stm32f1xx_hal_tim.c.obj
                0x080016f4                HAL_TIM_PWM_PulseFinishedCallback
 .text.HAL_TIM_TriggerCallback
                0x080016f6        0x2 CMakeFiles/RC2.elf.dir/Drivers/STM32F1xx_HAL_Driver/Src/stm32f1xx_hal_tim.c.obj
                0x080016f6                HAL_TIM_TriggerCallback
 .text.HAL_TIM_IRQHandler
                0x080016f8      0x17a CMakeFiles/RC2.elf.dir/Drivers/STM32F1xx_HAL_Driver/Src/stm32f1xx_hal_tim.c.obj
                0x080016f8                HAL_TIM_IRQHandler
 *fill*         0x08001872        0x2 
 .text.TIM_Base_SetConfig
                0x08001874       0x74 CMakeFiles/RC2.elf.dir/Drivers/STM32F1xx_HAL_Driver/Src/stm32f1xx_hal_tim.c.obj
                0x08001874                TIM_Base_SetConfig
 .text.HAL_TIM_Base_Init
                0x080018e8       0x58 CMakeFiles/RC2.elf.dir/Drivers/STM32F1xx_HAL_Driver/Src/stm32f1xx_hal_tim.c.obj
                0x080018e8                HAL_TIM_Base_Init
 .text.TIM_ETR_SetConfig
                0x08001940       0x18 CMakeFiles/RC2.elf.dir/Drivers/STM32F1xx_HAL_Driver/Src/stm32f1xx_hal_tim.c.obj
                0x08001940                TIM_ETR_SetConfig
 .text.HAL_TIM_ConfigClockSource
                0x08001958       0xfe CMakeFiles/RC2.elf.dir/Drivers/STM32F1xx_HAL_Driver/Src/stm32f1xx_hal_tim.c.obj
                0x08001958                HAL_TIM_ConfigClockSource
 .text.TIM_SlaveTimer_SetConfig
                0x08001a56       0xb8 CMakeFiles/RC2.elf.dir/Drivers/STM32F1xx_HAL_Driver/Src/stm32f1xx_hal_tim.c.obj
 .text.HAL_TIM_SlaveConfigSynchro
                0x08001b0e       0x52 CMakeFiles/RC2.elf.dir/Drivers/STM32F1xx_HAL_Driver/Src/stm32f1xx_hal_tim.c.obj
                0x08001b0e                HAL_TIM_SlaveConfigSynchro
 .text.HAL_TIMEx_MasterConfigSynchronization
                0x08001b60       0x6c CMakeFiles/RC2.elf.dir/Drivers/STM32F1xx_HAL_Driver/Src/stm32f1xx_hal_tim_ex.c.obj
                0x08001b60                HAL_TIMEx_MasterConfigSynchronization
 .text.HAL_TIMEx_CommutCallback
                0x08001bcc        0x2 CMakeFiles/RC2.elf.dir/Drivers/STM32F1xx_HAL_Driver/Src/stm32f1xx_hal_tim_ex.c.obj
                0x08001bcc                HAL_TIMEx_CommutCallback
 .text.HAL_TIMEx_BreakCallback
                0x08001bce        0x2 CMakeFiles/RC2.elf.dir/Drivers/STM32F1xx_HAL_Driver/Src/stm32f1xx_hal_tim_ex.c.obj
                0x08001bce                HAL_TIMEx_BreakCallback
 .text.UART_EndRxTransfer
                0x08001bd0       0x5c CMakeFiles/RC2.elf.dir/Drivers/STM32F1xx_HAL_Driver/Src/stm32f1xx_hal_uart.c.obj
 .text.UART_Transmit_IT
                0x08001c2c       0x60 CMakeFiles/RC2.elf.dir/Drivers/STM32F1xx_HAL_Driver/Src/stm32f1xx_hal_uart.c.obj
 .text.UART_SetConfig
                0x08001c8c       0x94 CMakeFiles/RC2.elf.dir/Drivers/STM32F1xx_HAL_Driver/Src/stm32f1xx_hal_uart.c.obj
 .text.UART_WaitOnFlagUntilTimeout
                0x08001d20       0x84 CMakeFiles/RC2.elf.dir/Drivers/STM32F1xx_HAL_Driver/Src/stm32f1xx_hal_uart.c.obj
 .text.HAL_UART_Init
                0x08001da4       0x60 CMakeFiles/RC2.elf.dir/Drivers/STM32F1xx_HAL_Driver/Src/stm32f1xx_hal_uart.c.obj
                0x08001da4                HAL_UART_Init
 .text.HAL_UART_Transmit
                0x08001e04       0xbe CMakeFiles/RC2.elf.dir/Drivers/STM32F1xx_HAL_Driver/Src/stm32f1xx_hal_uart.c.obj
                0x08001e04                HAL_UART_Transmit
 .text.HAL_UART_TxCpltCallback
                0x08001ec2        0x2 CMakeFiles/RC2.elf.dir/Drivers/STM32F1xx_HAL_Driver/Src/stm32f1xx_hal_uart.c.obj
                0x08001ec2                HAL_UART_TxCpltCallback
 .text.UART_EndTransmit_IT
                0x08001ec4       0x1a CMakeFiles/RC2.elf.dir/Drivers/STM32F1xx_HAL_Driver/Src/stm32f1xx_hal_uart.c.obj
 .text.HAL_UART_ErrorCallback
                0x08001ede        0x2 CMakeFiles/RC2.elf.dir/Drivers/STM32F1xx_HAL_Driver/Src/stm32f1xx_hal_uart.c.obj
                0x08001ede                HAL_UART_ErrorCallback
 .text.UART_DMAAbortOnError
                0x08001ee0       0x10 CMakeFiles/RC2.elf.dir/Drivers/STM32F1xx_HAL_Driver/Src/stm32f1xx_hal_uart.c.obj
 .text.HAL_UARTEx_RxEventCallback
                0x08001ef0        0x2 CMakeFiles/RC2.elf.dir/Drivers/STM32F1xx_HAL_Driver/Src/stm32f1xx_hal_uart.c.obj
                0x08001ef0                HAL_UARTEx_RxEventCallback
 .text.UART_Receive_IT
                0x08001ef2       0xe6 CMakeFiles/RC2.elf.dir/Drivers/STM32F1xx_HAL_Driver/Src/stm32f1xx_hal_uart.c.obj
 .text.HAL_UART_IRQHandler
                0x08001fd8      0x284 CMakeFiles/RC2.elf.dir/Drivers/STM32F1xx_HAL_Driver/Src/stm32f1xx_hal_uart.c.obj
                0x08001fd8                HAL_UART_IRQHandler
 .text.HAL_UART_GetState
                0x0800225c        0xc CMakeFiles/RC2.elf.dir/Drivers/STM32F1xx_HAL_Driver/Src/stm32f1xx_hal_uart.c.obj
                0x0800225c                HAL_UART_GetState
 .text.UART_Start_Receive_IT
                0x08002268       0x36 CMakeFiles/RC2.elf.dir/Drivers/STM32F1xx_HAL_Driver/Src/stm32f1xx_hal_uart.c.obj
                0x08002268                UART_Start_Receive_IT
 .text.HAL_UART_Receive_IT
                0x0800229e       0x26 CMakeFiles/RC2.elf.dir/Drivers/STM32F1xx_HAL_Driver/Src/stm32f1xx_hal_uart.c.obj
                0x0800229e                HAL_UART_Receive_IT
 .text.memset   0x080022c4       0xa0 c:/progra~2/armgnu~1/125863~1.3re/bin/../lib/gcc/arm-none-eabi/12.3.1/thumb/v7-m/nofp\libg.a(libc_a-memset.o)
                0x080022c4                memset
 .text.strchr   0x08002364       0xd0 c:/progra~2/armgnu~1/125863~1.3re/bin/../lib/gcc/arm-none-eabi/12.3.1/thumb/v7-m/nofp\libg.a(libc_a-strchr.o)
                0x08002364                strchr
 .text.critical_factorization
                0x08002434       0xc8 c:/progra~2/armgnu~1/125863~1.3re/bin/../lib/gcc/arm-none-eabi/12.3.1/thumb/v7-m/nofp\libg.a(libc_a-strstr.o)
 .text.two_way_long_needle
                0x080024fc      0x204 c:/progra~2/armgnu~1/125863~1.3re/bin/../lib/gcc/arm-none-eabi/12.3.1/thumb/v7-m/nofp\libg.a(libc_a-strstr.o)
 .text.strstr   0x08002700      0x16c c:/progra~2/armgnu~1/125863~1.3re/bin/../lib/gcc/arm-none-eabi/12.3.1/thumb/v7-m/nofp\libg.a(libc_a-strstr.o)
                0x08002700                strstr
 .text.__libc_init_array
                0x0800286c       0x50 c:/progra~2/armgnu~1/125863~1.3re/bin/../lib/gcc/arm-none-eabi/12.3.1/thumb/v7-m/nofp\libg.a(libc_a-init.o)
                0x0800286c                __libc_init_array
 .text.__retarget_lock_acquire_recursive
                0x080028bc        0x4 c:/progra~2/armgnu~1/125863~1.3re/bin/../lib/gcc/arm-none-eabi/12.3.1/thumb/v7-m/nofp\libg.a(libc_a-lock.o)
                0x080028bc                __retarget_lock_acquire_recursive
 .text.__retarget_lock_release_recursive
                0x080028c0        0x4 c:/progra~2/armgnu~1/125863~1.3re/bin/../lib/gcc/arm-none-eabi/12.3.1/thumb/v7-m/nofp\libg.a(libc_a-lock.o)
                0x080028c0                __retarget_lock_release_recursive
 .text.strlen   0x080028c4       0x5c c:/progra~2/armgnu~1/125863~1.3re/bin/../lib/gcc/arm-none-eabi/12.3.1/thumb/v7-m/nofp\libg.a(libc_a-strlen-stub.o)
                0x080028c4                strlen
 .text.startup.register_fini
                0x08002920       0x14 c:/progra~2/armgnu~1/125863~1.3re/bin/../lib/gcc/arm-none-eabi/12.3.1/thumb/v7-m/nofp\libg.a(libc_a-__call_atexit.o)
 .text.atexit   0x08002934        0xc c:/progra~2/armgnu~1/125863~1.3re/bin/../lib/gcc/arm-none-eabi/12.3.1/thumb/v7-m/nofp\libg.a(libc_a-atexit.o)
                0x08002934                atexit
 .text.memcmp   0x08002940       0x60 c:/progra~2/armgnu~1/125863~1.3re/bin/../lib/gcc/arm-none-eabi/12.3.1/thumb/v7-m/nofp\libg.a(libc_a-memcmp.o)
                0x08002940                memcmp
 .text.strnlen  0x080029a0       0x24 c:/progra~2/armgnu~1/125863~1.3re/bin/../lib/gcc/arm-none-eabi/12.3.1/thumb/v7-m/nofp\libg.a(libc_a-strnlen.o)
                0x080029a0                strnlen
 .text.__libc_fini_array
                0x080029c4       0x28 c:/progra~2/armgnu~1/125863~1.3re/bin/../lib/gcc/arm-none-eabi/12.3.1/thumb/v7-m/nofp\libg.a(libc_a-fini.o)
                0x080029c4                __libc_fini_array
 .text.__register_exitproc
                0x080029ec       0x80 c:/progra~2/armgnu~1/125863~1.3re/bin/../lib/gcc/arm-none-eabi/12.3.1/thumb/v7-m/nofp\libg.a(libc_a-__atexit.o)
                0x080029ec                __register_exitproc
 *(.glue_7)
 .glue_7        0x08002a6c        0x0 linker stubs
 *(.glue_7t)
 .glue_7t       0x08002a6c        0x0 linker stubs
 *(.eh_frame)
 .eh_frame      0x08002a6c        0x0 c:/progra~2/armgnu~1/125863~1.3re/bin/../lib/gcc/arm-none-eabi/12.3.1/thumb/v7-m/nofp/crtbegin.o
 *(.init)
 .init          0x08002a6c        0x4 c:/progra~2/armgnu~1/125863~1.3re/bin/../lib/gcc/arm-none-eabi/12.3.1/thumb/v7-m/nofp/crti.o
                0x08002a6c                _init
 .init          0x08002a70        0x8 c:/progra~2/armgnu~1/125863~1.3re/bin/../lib/gcc/arm-none-eabi/12.3.1/thumb/v7-m/nofp/crtn.o
 *(.fini)
 .fini          0x08002a78        0x4 c:/progra~2/armgnu~1/125863~1.3re/bin/../lib/gcc/arm-none-eabi/12.3.1/thumb/v7-m/nofp/crti.o
                0x08002a78                _fini
 .fini          0x08002a7c        0x8 c:/progra~2/armgnu~1/125863~1.3re/bin/../lib/gcc/arm-none-eabi/12.3.1/thumb/v7-m/nofp/crtn.o
                0x08002a84                        . = ALIGN (0x4)
                0x08002a84                        _etext = .

.vfp11_veneer   0x08002a84        0x0
 .vfp11_veneer  0x08002a84        0x0 linker stubs

.v4_bx          0x08002a84        0x0
 .v4_bx         0x08002a84        0x0 linker stubs

.iplt           0x08002a84        0x0
 .iplt          0x08002a84        0x0 c:/progra~2/armgnu~1/125863~1.3re/bin/../lib/gcc/arm-none-eabi/12.3.1/thumb/v7-m/nofp/crtbegin.o

.rodata         0x08002a84       0xa0
                0x08002a84                        . = ALIGN (0x4)
 *(.rodata)
 *(.rodata*)
 .rodata.esp8266_test.str1.4
                0x08002a84        0x7 CMakeFiles/RC2.elf.dir/Core/Src/My_esp8266.c.obj
 *fill*         0x08002a8b        0x1 
 .rodata.esp8266_start_trans.str1.4
                0x08002a8c       0x6b CMakeFiles/RC2.elf.dir/Core/Src/My_esp8266.c.obj
 *fill*         0x08002af7        0x1 
 .rodata.APBPrescTable
                0x08002af8        0x8 CMakeFiles/RC2.elf.dir/Core/Src/system_stm32f1xx.c.obj
                0x08002af8                APBPrescTable
 .rodata.AHBPrescTable
                0x08002b00       0x10 CMakeFiles/RC2.elf.dir/Core/Src/system_stm32f1xx.c.obj
                0x08002b00                AHBPrescTable
 .rodata.aPredivFactorTable.0
                0x08002b10        0x2 CMakeFiles/RC2.elf.dir/Drivers/STM32F1xx_HAL_Driver/Src/stm32f1xx_hal_rcc.c.obj
 *fill*         0x08002b12        0x2 
 .rodata.aPLLMULFactorTable.1
                0x08002b14       0x10 CMakeFiles/RC2.elf.dir/Drivers/STM32F1xx_HAL_Driver/Src/stm32f1xx_hal_rcc.c.obj
                0x08002b24                        . = ALIGN (0x4)

.rel.dyn        0x08002b24        0x0
 .rel.iplt      0x08002b24        0x0 c:/progra~2/armgnu~1/125863~1.3re/bin/../lib/gcc/arm-none-eabi/12.3.1/thumb/v7-m/nofp/crtbegin.o

.ARM.extab      0x08002b24        0x0
                0x08002b24                        . = ALIGN (0x4)
 *(.ARM.extab* .gnu.linkonce.armextab.*)
                0x08002b24                        . = ALIGN (0x4)

.ARM            0x08002b24        0x0
                0x08002b24                        . = ALIGN (0x4)
                0x08002b24                        __exidx_start = .
 *(.ARM.exidx*)
                0x08002b24                        __exidx_end = .
                0x08002b24                        . = ALIGN (0x4)

.preinit_array  0x08002b24        0x0
                0x08002b24                        . = ALIGN (0x4)
                0x08002b24                        PROVIDE (__preinit_array_start = .)
 *(.preinit_array*)
                0x08002b24                        PROVIDE (__preinit_array_end = .)
                0x08002b24                        . = ALIGN (0x4)

.init_array     0x08002b24        0x8
                0x08002b24                        . = ALIGN (0x4)
                0x08002b24                        PROVIDE (__init_array_start = .)
 *(SORT_BY_NAME(.init_array.*))
 .init_array.00000
                0x08002b24        0x4 c:/progra~2/armgnu~1/125863~1.3re/bin/../lib/gcc/arm-none-eabi/12.3.1/thumb/v7-m/nofp\libg.a(libc_a-__call_atexit.o)
 *(.init_array*)
 .init_array    0x08002b28        0x4 c:/progra~2/armgnu~1/125863~1.3re/bin/../lib/gcc/arm-none-eabi/12.3.1/thumb/v7-m/nofp/crtbegin.o
                0x08002b2c                        PROVIDE (__init_array_end = .)
                0x08002b2c                        . = ALIGN (0x4)

.fini_array     0x08002b2c        0x4
                0x08002b2c                        . = ALIGN (0x4)
                0x08002b2c                        PROVIDE (__fini_array_start = .)
 *(SORT_BY_NAME(.fini_array.*))
 *(.fini_array*)
 .fini_array    0x08002b2c        0x4 c:/progra~2/armgnu~1/125863~1.3re/bin/../lib/gcc/arm-none-eabi/12.3.1/thumb/v7-m/nofp/crtbegin.o
                0x08002b30                        PROVIDE (__fini_array_end = .)
                0x08002b30                        . = ALIGN (0x4)
                0x08002b30                        _sidata = LOADADDR (.data)

.data           0x20000000       0x10 load address 0x08002b30
                0x20000000                        . = ALIGN (0x4)
                0x20000000                        _sdata = .
 *(.data)
 *(.data*)
 .data.SystemCoreClock
                0x20000000        0x4 CMakeFiles/RC2.elf.dir/Core/Src/system_stm32f1xx.c.obj
                0x20000000                SystemCoreClock
 .data.uwTickFreq
                0x20000004        0x1 CMakeFiles/RC2.elf.dir/Drivers/STM32F1xx_HAL_Driver/Src/stm32f1xx_hal.c.obj
                0x20000004                uwTickFreq
 *fill*         0x20000005        0x3 
 .data.uwTickPrio
                0x20000008        0x4 CMakeFiles/RC2.elf.dir/Drivers/STM32F1xx_HAL_Driver/Src/stm32f1xx_hal.c.obj
                0x20000008                uwTickPrio
 .data.__atexit_recursive_mutex
                0x2000000c        0x4 c:/progra~2/armgnu~1/125863~1.3re/bin/../lib/gcc/arm-none-eabi/12.3.1/thumb/v7-m/nofp\libg.a(libc_a-__call_atexit.o)
                0x2000000c                __atexit_recursive_mutex
 *(.RamFunc)
 *(.RamFunc*)
                0x20000010                        . = ALIGN (0x4)
                0x20000010                        _edata = .

.tm_clone_table
                0x20000010        0x0 load address 0x08002b40
 .tm_clone_table
                0x20000010        0x0 c:/progra~2/armgnu~1/125863~1.3re/bin/../lib/gcc/arm-none-eabi/12.3.1/thumb/v7-m/nofp/crtbegin.o
 .tm_clone_table
                0x20000010        0x0 c:/progra~2/armgnu~1/125863~1.3re/bin/../lib/gcc/arm-none-eabi/12.3.1/thumb/v7-m/nofp/crtend.o

.igot.plt       0x20000010        0x0 load address 0x08002b40
 .igot.plt      0x20000010        0x0 c:/progra~2/armgnu~1/125863~1.3re/bin/../lib/gcc/arm-none-eabi/12.3.1/thumb/v7-m/nofp/crtbegin.o
                0x20000010                        . = ALIGN (0x4)

.bss            0x20000010      0x3f0 load address 0x08002b40
                0x20000010                        _sbss = .
                0x20000010                        __bss_start__ = _sbss
 *(.bss)
 *(.bss*)
 .bss.completed.1
                0x20000010        0x1 c:/progra~2/armgnu~1/125863~1.3re/bin/../lib/gcc/arm-none-eabi/12.3.1/thumb/v7-m/nofp/crtbegin.o
 *fill*         0x20000011        0x3 
 .bss.object.0  0x20000014       0x18 c:/progra~2/armgnu~1/125863~1.3re/bin/../lib/gcc/arm-none-eabi/12.3.1/thumb/v7-m/nofp/crtbegin.o
 .bss.Uart2_count.0
                0x2000002c        0x1 CMakeFiles/RC2.elf.dir/Core/Src/main.c.obj
 .bss.receive_flag
                0x2000002d        0x1 CMakeFiles/RC2.elf.dir/Core/Src/main.c.obj
                0x2000002d                receive_flag
 *fill*         0x2000002e        0x2 
 .bss.my_order  0x20000030        0xf CMakeFiles/RC2.elf.dir/Core/Src/main.c.obj
                0x20000030                my_order
 .bss.my_test_v
                0x2000003f        0x1 CMakeFiles/RC2.elf.dir/Core/Src/main.c.obj
                0x2000003f                my_test_v
 .bss.Uart2_Rx_Cnt
                0x20000040        0x1 CMakeFiles/RC2.elf.dir/Core/Src/main.c.obj
                0x20000040                Uart2_Rx_Cnt
 .bss.aRxBuffer
                0x20000041        0x1 CMakeFiles/RC2.elf.dir/Core/Src/main.c.obj
                0x20000041                aRxBuffer
 *fill*         0x20000042        0x2 
 .bss.RxBuffer  0x20000044      0x100 CMakeFiles/RC2.elf.dir/Core/Src/main.c.obj
                0x20000044                RxBuffer
 .bss.htim3     0x20000144       0x48 CMakeFiles/RC2.elf.dir/Core/Src/tim.c.obj
                0x20000144                htim3
 .bss.htim2     0x2000018c       0x48 CMakeFiles/RC2.elf.dir/Core/Src/tim.c.obj
                0x2000018c                htim2
 .bss.htim1     0x200001d4       0x48 CMakeFiles/RC2.elf.dir/Core/Src/tim.c.obj
                0x200001d4                htim1
 .bss.huart3    0x2000021c       0x48 CMakeFiles/RC2.elf.dir/Core/Src/usart.c.obj
                0x2000021c                huart3
 .bss.uwTick    0x20000264        0x4 CMakeFiles/RC2.elf.dir/Drivers/STM32F1xx_HAL_Driver/Src/stm32f1xx_hal.c.obj
                0x20000264                uwTick
 .bss.__lock___atexit_recursive_mutex
                0x20000268        0x1 c:/progra~2/armgnu~1/125863~1.3re/bin/../lib/gcc/arm-none-eabi/12.3.1/thumb/v7-m/nofp\libg.a(libc_a-lock.o)
                0x20000268                __lock___atexit_recursive_mutex
 *fill*         0x20000269        0x3 
 .bss.__atexit  0x2000026c        0x4 c:/progra~2/armgnu~1/125863~1.3re/bin/../lib/gcc/arm-none-eabi/12.3.1/thumb/v7-m/nofp\libg.a(libc_a-__call_atexit.o)
                0x2000026c                __atexit
 .bss.__atexit0
                0x20000270      0x190 c:/progra~2/armgnu~1/125863~1.3re/bin/../lib/gcc/arm-none-eabi/12.3.1/thumb/v7-m/nofp\libg.a(libc_a-__atexit.o)
                0x20000270                __atexit0
 *(COMMON)
                0x20000400                        . = ALIGN (0x4)
                0x20000400                        _ebss = .
                0x20000400                        __bss_end__ = _ebss

._user_heap_stack
                0x20000400      0x600 load address 0x08002b40
                0x20000400                        . = ALIGN (0x8)
                [!provide]                        PROVIDE (end = .)
                0x20000400                        PROVIDE (_end = .)
                0x20000600                        . = (. + _Min_Heap_Size)
 *fill*         0x20000400      0x200 
                0x20000a00                        . = (. + _Min_Stack_Size)
 *fill*         0x20000600      0x400 
                0x20000a00                        . = ALIGN (0x8)

/DISCARD/
 libc.a(*)
 libm.a(*)
 libgcc.a(*)

.ARM.attributes
                0x00000000       0x29
 *(.ARM.attributes)
 .ARM.attributes
                0x00000000       0x1d c:/progra~2/armgnu~1/125863~1.3re/bin/../lib/gcc/arm-none-eabi/12.3.1/thumb/v7-m/nofp/crti.o
 .ARM.attributes
                0x0000001d       0x2d c:/progra~2/armgnu~1/125863~1.3re/bin/../lib/gcc/arm-none-eabi/12.3.1/thumb/v7-m/nofp/crtbegin.o
 .ARM.attributes
                0x0000004a       0x2d CMakeFiles/RC2.elf.dir/Core/Src/My_esp8266.c.obj
 .ARM.attributes
                0x00000077       0x2d CMakeFiles/RC2.elf.dir/Core/Src/gpio.c.obj
 .ARM.attributes
                0x000000a4       0x2d CMakeFiles/RC2.elf.dir/Core/Src/main.c.obj
 .ARM.attributes
                0x000000d1       0x2d CMakeFiles/RC2.elf.dir/Core/Src/stm32f1xx_hal_msp.c.obj
 .ARM.attributes
                0x000000fe       0x2d CMakeFiles/RC2.elf.dir/Core/Src/stm32f1xx_it.c.obj
 .ARM.attributes
                0x0000012b       0x2d CMakeFiles/RC2.elf.dir/Core/Src/system_stm32f1xx.c.obj
 .ARM.attributes
                0x00000158       0x2d CMakeFiles/RC2.elf.dir/Core/Src/tim.c.obj
 .ARM.attributes
                0x00000185       0x2d CMakeFiles/RC2.elf.dir/Core/Src/usart.c.obj
 .ARM.attributes
                0x000001b2       0x21 CMakeFiles/RC2.elf.dir/Core/Startup/startup_stm32f103c8tx.s.obj
 .ARM.attributes
                0x000001d3       0x2d CMakeFiles/RC2.elf.dir/Drivers/STM32F1xx_HAL_Driver/Src/stm32f1xx_hal.c.obj
 .ARM.attributes
                0x00000200       0x2d CMakeFiles/RC2.elf.dir/Drivers/STM32F1xx_HAL_Driver/Src/stm32f1xx_hal_cortex.c.obj
 .ARM.attributes
                0x0000022d       0x2d CMakeFiles/RC2.elf.dir/Drivers/STM32F1xx_HAL_Driver/Src/stm32f1xx_hal_dma.c.obj
 .ARM.attributes
                0x0000025a       0x2d CMakeFiles/RC2.elf.dir/Drivers/STM32F1xx_HAL_Driver/Src/stm32f1xx_hal_gpio.c.obj
 .ARM.attributes
                0x00000287       0x2d CMakeFiles/RC2.elf.dir/Drivers/STM32F1xx_HAL_Driver/Src/stm32f1xx_hal_rcc.c.obj
 .ARM.attributes
                0x000002b4       0x2d CMakeFiles/RC2.elf.dir/Drivers/STM32F1xx_HAL_Driver/Src/stm32f1xx_hal_tim.c.obj
 .ARM.attributes
                0x000002e1       0x2d CMakeFiles/RC2.elf.dir/Drivers/STM32F1xx_HAL_Driver/Src/stm32f1xx_hal_tim_ex.c.obj
 .ARM.attributes
                0x0000030e       0x2d CMakeFiles/RC2.elf.dir/Drivers/STM32F1xx_HAL_Driver/Src/stm32f1xx_hal_uart.c.obj
 .ARM.attributes
                0x0000033b       0x2d c:/progra~2/armgnu~1/125863~1.3re/bin/../lib/gcc/arm-none-eabi/12.3.1/thumb/v7-m/nofp\libg.a(libc_a-memset.o)
 .ARM.attributes
                0x00000368       0x2d c:/progra~2/armgnu~1/125863~1.3re/bin/../lib/gcc/arm-none-eabi/12.3.1/thumb/v7-m/nofp\libg.a(libc_a-strchr.o)
 .ARM.attributes
                0x00000395       0x2d c:/progra~2/armgnu~1/125863~1.3re/bin/../lib/gcc/arm-none-eabi/12.3.1/thumb/v7-m/nofp\libg.a(libc_a-strstr.o)
 .ARM.attributes
                0x000003c2       0x2d c:/progra~2/armgnu~1/125863~1.3re/bin/../lib/gcc/arm-none-eabi/12.3.1/thumb/v7-m/nofp\libg.a(libc_a-init.o)
 .ARM.attributes
                0x000003ef       0x2d c:/progra~2/armgnu~1/125863~1.3re/bin/../lib/gcc/arm-none-eabi/12.3.1/thumb/v7-m/nofp\libg.a(libc_a-lock.o)
 .ARM.attributes
                0x0000041c       0x2d c:/progra~2/armgnu~1/125863~1.3re/bin/../lib/gcc/arm-none-eabi/12.3.1/thumb/v7-m/nofp\libg.a(libc_a-strlen-stub.o)
 .ARM.attributes
                0x00000449       0x2d c:/progra~2/armgnu~1/125863~1.3re/bin/../lib/gcc/arm-none-eabi/12.3.1/thumb/v7-m/nofp\libg.a(libc_a-__call_atexit.o)
 .ARM.attributes
                0x00000476       0x2d c:/progra~2/armgnu~1/125863~1.3re/bin/../lib/gcc/arm-none-eabi/12.3.1/thumb/v7-m/nofp\libg.a(libc_a-atexit.o)
 .ARM.attributes
                0x000004a3       0x2d c:/progra~2/armgnu~1/125863~1.3re/bin/../lib/gcc/arm-none-eabi/12.3.1/thumb/v7-m/nofp\libg.a(libc_a-memcmp.o)
 .ARM.attributes
                0x000004d0       0x2d c:/progra~2/armgnu~1/125863~1.3re/bin/../lib/gcc/arm-none-eabi/12.3.1/thumb/v7-m/nofp\libg.a(libc_a-strnlen.o)
 .ARM.attributes
                0x000004fd       0x2d c:/progra~2/armgnu~1/125863~1.3re/bin/../lib/gcc/arm-none-eabi/12.3.1/thumb/v7-m/nofp\libg.a(libc_a-fini.o)
 .ARM.attributes
                0x0000052a       0x2d c:/progra~2/armgnu~1/125863~1.3re/bin/../lib/gcc/arm-none-eabi/12.3.1/thumb/v7-m/nofp\libg.a(libc_a-__atexit.o)
 .ARM.attributes
                0x00000557       0x2d c:/progra~2/armgnu~1/125863~1.3re/bin/../lib/gcc/arm-none-eabi/12.3.1/thumb/v7-m/nofp/crtend.o
 .ARM.attributes
                0x00000584       0x1d c:/progra~2/armgnu~1/125863~1.3re/bin/../lib/gcc/arm-none-eabi/12.3.1/thumb/v7-m/nofp/crtn.o
OUTPUT(RC2.elf elf32-littlearm)
LOAD linker stubs
LOAD c:/progra~2/armgnu~1/125863~1.3re/bin/../lib/gcc/arm-none-eabi/12.3.1/thumb/v7-m/nofp\libc.a
LOAD c:/progra~2/armgnu~1/125863~1.3re/bin/../lib/gcc/arm-none-eabi/12.3.1/thumb/v7-m/nofp\libm.a
LOAD c:/progra~2/armgnu~1/125863~1.3re/bin/../lib/gcc/arm-none-eabi/12.3.1/thumb/v7-m/nofp\libgcc.a

.debug_info     0x00000000    0x104ec
 .debug_info    0x00000000      0x97e CMakeFiles/RC2.elf.dir/Core/Src/My_esp8266.c.obj
 .debug_info    0x0000097e      0x386 CMakeFiles/RC2.elf.dir/Core/Src/gpio.c.obj
 .debug_info    0x00000d04     0x10fc CMakeFiles/RC2.elf.dir/Core/Src/main.c.obj
 .debug_info    0x00001e00      0x1fb CMakeFiles/RC2.elf.dir/Core/Src/stm32f1xx_hal_msp.c.obj
 .debug_info    0x00001ffb      0x979 CMakeFiles/RC2.elf.dir/Core/Src/stm32f1xx_it.c.obj
 .debug_info    0x00002974      0x22d CMakeFiles/RC2.elf.dir/Core/Src/system_stm32f1xx.c.obj
 .debug_info    0x00002ba1      0xcf1 CMakeFiles/RC2.elf.dir/Core/Src/tim.c.obj
 .debug_info    0x00003892      0x9ee CMakeFiles/RC2.elf.dir/Core/Src/usart.c.obj
 .debug_info    0x00004280       0x30 CMakeFiles/RC2.elf.dir/Core/Startup/startup_stm32f103c8tx.s.obj
 .debug_info    0x000042b0      0x7a2 CMakeFiles/RC2.elf.dir/Drivers/STM32F1xx_HAL_Driver/Src/stm32f1xx_hal.c.obj
 .debug_info    0x00004a52      0xcad CMakeFiles/RC2.elf.dir/Drivers/STM32F1xx_HAL_Driver/Src/stm32f1xx_hal_cortex.c.obj
 .debug_info    0x000056ff      0x7da CMakeFiles/RC2.elf.dir/Drivers/STM32F1xx_HAL_Driver/Src/stm32f1xx_hal_dma.c.obj
 .debug_info    0x00005ed9      0x604 CMakeFiles/RC2.elf.dir/Drivers/STM32F1xx_HAL_Driver/Src/stm32f1xx_hal_gpio.c.obj
 .debug_info    0x000064dd      0x9c7 CMakeFiles/RC2.elf.dir/Drivers/STM32F1xx_HAL_Driver/Src/stm32f1xx_hal_rcc.c.obj
 .debug_info    0x00006ea4     0x3b74 CMakeFiles/RC2.elf.dir/Drivers/STM32F1xx_HAL_Driver/Src/stm32f1xx_hal_tim.c.obj
 .debug_info    0x0000aa18     0x1a88 CMakeFiles/RC2.elf.dir/Drivers/STM32F1xx_HAL_Driver/Src/stm32f1xx_hal_tim_ex.c.obj
 .debug_info    0x0000c4a0     0x404c CMakeFiles/RC2.elf.dir/Drivers/STM32F1xx_HAL_Driver/Src/stm32f1xx_hal_uart.c.obj

.debug_abbrev   0x00000000     0x2369
 .debug_abbrev  0x00000000      0x250 CMakeFiles/RC2.elf.dir/Core/Src/My_esp8266.c.obj
 .debug_abbrev  0x00000250      0x151 CMakeFiles/RC2.elf.dir/Core/Src/gpio.c.obj
 .debug_abbrev  0x000003a1      0x303 CMakeFiles/RC2.elf.dir/Core/Src/main.c.obj
 .debug_abbrev  0x000006a4       0xed CMakeFiles/RC2.elf.dir/Core/Src/stm32f1xx_hal_msp.c.obj
 .debug_abbrev  0x00000791      0x1a4 CMakeFiles/RC2.elf.dir/Core/Src/stm32f1xx_it.c.obj
 .debug_abbrev  0x00000935      0x143 CMakeFiles/RC2.elf.dir/Core/Src/system_stm32f1xx.c.obj
 .debug_abbrev  0x00000a78      0x23b CMakeFiles/RC2.elf.dir/Core/Src/tim.c.obj
 .debug_abbrev  0x00000cb3      0x223 CMakeFiles/RC2.elf.dir/Core/Src/usart.c.obj
 .debug_abbrev  0x00000ed6       0x24 CMakeFiles/RC2.elf.dir/Core/Startup/startup_stm32f103c8tx.s.obj
 .debug_abbrev  0x00000efa      0x22d CMakeFiles/RC2.elf.dir/Drivers/STM32F1xx_HAL_Driver/Src/stm32f1xx_hal.c.obj
 .debug_abbrev  0x00001127      0x36d CMakeFiles/RC2.elf.dir/Drivers/STM32F1xx_HAL_Driver/Src/stm32f1xx_hal_cortex.c.obj
 .debug_abbrev  0x00001494      0x244 CMakeFiles/RC2.elf.dir/Drivers/STM32F1xx_HAL_Driver/Src/stm32f1xx_hal_dma.c.obj
 .debug_abbrev  0x000016d8      0x1f7 CMakeFiles/RC2.elf.dir/Drivers/STM32F1xx_HAL_Driver/Src/stm32f1xx_hal_gpio.c.obj
 .debug_abbrev  0x000018cf      0x2a0 CMakeFiles/RC2.elf.dir/Drivers/STM32F1xx_HAL_Driver/Src/stm32f1xx_hal_rcc.c.obj
 .debug_abbrev  0x00001b6f      0x270 CMakeFiles/RC2.elf.dir/Drivers/STM32F1xx_HAL_Driver/Src/stm32f1xx_hal_tim.c.obj
 .debug_abbrev  0x00001ddf      0x26e CMakeFiles/RC2.elf.dir/Drivers/STM32F1xx_HAL_Driver/Src/stm32f1xx_hal_tim_ex.c.obj
 .debug_abbrev  0x0000204d      0x31c CMakeFiles/RC2.elf.dir/Drivers/STM32F1xx_HAL_Driver/Src/stm32f1xx_hal_uart.c.obj

.debug_loclists
                0x00000000     0x83b0
 .debug_loclists
                0x00000000       0xc0 CMakeFiles/RC2.elf.dir/Core/Src/My_esp8266.c.obj
 .debug_loclists
                0x000000c0       0x63 CMakeFiles/RC2.elf.dir/Core/Src/main.c.obj
 .debug_loclists
                0x00000123       0x17 CMakeFiles/RC2.elf.dir/Core/Src/stm32f1xx_hal_msp.c.obj
 .debug_loclists
                0x0000013a       0xa5 CMakeFiles/RC2.elf.dir/Core/Src/system_stm32f1xx.c.obj
 .debug_loclists
                0x000001df       0x6b CMakeFiles/RC2.elf.dir/Core/Src/tim.c.obj
 .debug_loclists
                0x0000024a       0x5d CMakeFiles/RC2.elf.dir/Core/Src/usart.c.obj
 .debug_loclists
                0x000002a7       0xc9 CMakeFiles/RC2.elf.dir/Drivers/STM32F1xx_HAL_Driver/Src/stm32f1xx_hal.c.obj
 .debug_loclists
                0x00000370      0x422 CMakeFiles/RC2.elf.dir/Drivers/STM32F1xx_HAL_Driver/Src/stm32f1xx_hal_cortex.c.obj
 .debug_loclists
                0x00000792      0x4c7 CMakeFiles/RC2.elf.dir/Drivers/STM32F1xx_HAL_Driver/Src/stm32f1xx_hal_dma.c.obj
 .debug_loclists
                0x00000c59      0x2e8 CMakeFiles/RC2.elf.dir/Drivers/STM32F1xx_HAL_Driver/Src/stm32f1xx_hal_gpio.c.obj
 .debug_loclists
                0x00000f41      0x3f8 CMakeFiles/RC2.elf.dir/Drivers/STM32F1xx_HAL_Driver/Src/stm32f1xx_hal_rcc.c.obj
 .debug_loclists
                0x00001339     0x3332 CMakeFiles/RC2.elf.dir/Drivers/STM32F1xx_HAL_Driver/Src/stm32f1xx_hal_tim.c.obj
 .debug_loclists
                0x0000466b     0x124c CMakeFiles/RC2.elf.dir/Drivers/STM32F1xx_HAL_Driver/Src/stm32f1xx_hal_tim_ex.c.obj
 .debug_loclists
                0x000058b7     0x2af9 CMakeFiles/RC2.elf.dir/Drivers/STM32F1xx_HAL_Driver/Src/stm32f1xx_hal_uart.c.obj

.debug_aranges  0x00000000      0xc30
 .debug_aranges
                0x00000000       0x40 CMakeFiles/RC2.elf.dir/Core/Src/My_esp8266.c.obj
 .debug_aranges
                0x00000040       0x20 CMakeFiles/RC2.elf.dir/Core/Src/gpio.c.obj
 .debug_aranges
                0x00000060       0x38 CMakeFiles/RC2.elf.dir/Core/Src/main.c.obj
 .debug_aranges
                0x00000098       0x20 CMakeFiles/RC2.elf.dir/Core/Src/stm32f1xx_hal_msp.c.obj
 .debug_aranges
                0x000000b8       0x70 CMakeFiles/RC2.elf.dir/Core/Src/stm32f1xx_it.c.obj
 .debug_aranges
                0x00000128       0x28 CMakeFiles/RC2.elf.dir/Core/Src/system_stm32f1xx.c.obj
 .debug_aranges
                0x00000150       0x40 CMakeFiles/RC2.elf.dir/Core/Src/tim.c.obj
 .debug_aranges
                0x00000190       0x30 CMakeFiles/RC2.elf.dir/Core/Src/usart.c.obj
 .debug_aranges
                0x000001c0       0x28 CMakeFiles/RC2.elf.dir/Core/Startup/startup_stm32f103c8tx.s.obj
 .debug_aranges
                0x000001e8       0xe0 CMakeFiles/RC2.elf.dir/Drivers/STM32F1xx_HAL_Driver/Src/stm32f1xx_hal.c.obj
 .debug_aranges
                0x000002c8       0xc0 CMakeFiles/RC2.elf.dir/Drivers/STM32F1xx_HAL_Driver/Src/stm32f1xx_hal_cortex.c.obj
 .debug_aranges
                0x00000388       0x80 CMakeFiles/RC2.elf.dir/Drivers/STM32F1xx_HAL_Driver/Src/stm32f1xx_hal_dma.c.obj
 .debug_aranges
                0x00000408       0x58 CMakeFiles/RC2.elf.dir/Drivers/STM32F1xx_HAL_Driver/Src/stm32f1xx_hal_gpio.c.obj
 .debug_aranges
                0x00000460       0x90 CMakeFiles/RC2.elf.dir/Drivers/STM32F1xx_HAL_Driver/Src/stm32f1xx_hal_rcc.c.obj
 .debug_aranges
                0x000004f0      0x3d0 CMakeFiles/RC2.elf.dir/Drivers/STM32F1xx_HAL_Driver/Src/stm32f1xx_hal_tim.c.obj
 .debug_aranges
                0x000008c0      0x168 CMakeFiles/RC2.elf.dir/Drivers/STM32F1xx_HAL_Driver/Src/stm32f1xx_hal_tim_ex.c.obj
 .debug_aranges
                0x00000a28      0x208 CMakeFiles/RC2.elf.dir/Drivers/STM32F1xx_HAL_Driver/Src/stm32f1xx_hal_uart.c.obj

.debug_rnglists
                0x00000000      0x958
 .debug_rnglists
                0x00000000       0x2c CMakeFiles/RC2.elf.dir/Core/Src/My_esp8266.c.obj
 .debug_rnglists
                0x0000002c       0x14 CMakeFiles/RC2.elf.dir/Core/Src/gpio.c.obj
 .debug_rnglists
                0x00000040       0x34 CMakeFiles/RC2.elf.dir/Core/Src/main.c.obj
 .debug_rnglists
                0x00000074       0x13 CMakeFiles/RC2.elf.dir/Core/Src/stm32f1xx_hal_msp.c.obj
 .debug_rnglists
                0x00000087       0x4f CMakeFiles/RC2.elf.dir/Core/Src/stm32f1xx_it.c.obj
 .debug_rnglists
                0x000000d6       0x1a CMakeFiles/RC2.elf.dir/Core/Src/system_stm32f1xx.c.obj
 .debug_rnglists
                0x000000f0       0x2e CMakeFiles/RC2.elf.dir/Core/Src/tim.c.obj
 .debug_rnglists
                0x0000011e       0x20 CMakeFiles/RC2.elf.dir/Core/Src/usart.c.obj
 .debug_rnglists
                0x0000013e       0x19 CMakeFiles/RC2.elf.dir/Core/Startup/startup_stm32f103c8tx.s.obj
 .debug_rnglists
                0x00000157       0xa3 CMakeFiles/RC2.elf.dir/Drivers/STM32F1xx_HAL_Driver/Src/stm32f1xx_hal.c.obj
 .debug_rnglists
                0x000001fa       0x8b CMakeFiles/RC2.elf.dir/Drivers/STM32F1xx_HAL_Driver/Src/stm32f1xx_hal_cortex.c.obj
 .debug_rnglists
                0x00000285       0x5e CMakeFiles/RC2.elf.dir/Drivers/STM32F1xx_HAL_Driver/Src/stm32f1xx_hal_dma.c.obj
 .debug_rnglists
                0x000002e3       0x3f CMakeFiles/RC2.elf.dir/Drivers/STM32F1xx_HAL_Driver/Src/stm32f1xx_hal_gpio.c.obj
 .debug_rnglists
                0x00000322       0x7d CMakeFiles/RC2.elf.dir/Drivers/STM32F1xx_HAL_Driver/Src/stm32f1xx_hal_rcc.c.obj
 .debug_rnglists
                0x0000039f      0x2fe CMakeFiles/RC2.elf.dir/Drivers/STM32F1xx_HAL_Driver/Src/stm32f1xx_hal_tim.c.obj
 .debug_rnglists
                0x0000069d      0x11a CMakeFiles/RC2.elf.dir/Drivers/STM32F1xx_HAL_Driver/Src/stm32f1xx_hal_tim_ex.c.obj
 .debug_rnglists
                0x000007b7      0x1a1 CMakeFiles/RC2.elf.dir/Drivers/STM32F1xx_HAL_Driver/Src/stm32f1xx_hal_uart.c.obj

.debug_line     0x00000000     0xecf2
 .debug_line    0x00000000      0x3e8 CMakeFiles/RC2.elf.dir/Core/Src/My_esp8266.c.obj
 .debug_line    0x000003e8      0x223 CMakeFiles/RC2.elf.dir/Core/Src/gpio.c.obj
 .debug_line    0x0000060b      0x619 CMakeFiles/RC2.elf.dir/Core/Src/main.c.obj
 .debug_line    0x00000c24      0x16d CMakeFiles/RC2.elf.dir/Core/Src/stm32f1xx_hal_msp.c.obj
 .debug_line    0x00000d91      0x323 CMakeFiles/RC2.elf.dir/Core/Src/stm32f1xx_it.c.obj
 .debug_line    0x000010b4      0x236 CMakeFiles/RC2.elf.dir/Core/Src/system_stm32f1xx.c.obj
 .debug_line    0x000012ea      0x4db CMakeFiles/RC2.elf.dir/Core/Src/tim.c.obj
 .debug_line    0x000017c5      0x330 CMakeFiles/RC2.elf.dir/Core/Src/usart.c.obj
 .debug_line    0x00001af5       0x78 CMakeFiles/RC2.elf.dir/Core/Startup/startup_stm32f103c8tx.s.obj
 .debug_line    0x00001b6d      0x54c CMakeFiles/RC2.elf.dir/Drivers/STM32F1xx_HAL_Driver/Src/stm32f1xx_hal.c.obj
 .debug_line    0x000020b9      0x6d8 CMakeFiles/RC2.elf.dir/Drivers/STM32F1xx_HAL_Driver/Src/stm32f1xx_hal_cortex.c.obj
 .debug_line    0x00002791      0xa61 CMakeFiles/RC2.elf.dir/Drivers/STM32F1xx_HAL_Driver/Src/stm32f1xx_hal_dma.c.obj
 .debug_line    0x000031f2      0x5b2 CMakeFiles/RC2.elf.dir/Drivers/STM32F1xx_HAL_Driver/Src/stm32f1xx_hal_gpio.c.obj
 .debug_line    0x000037a4      0xc1d CMakeFiles/RC2.elf.dir/Drivers/STM32F1xx_HAL_Driver/Src/stm32f1xx_hal_rcc.c.obj
 .debug_line    0x000043c1     0x490e CMakeFiles/RC2.elf.dir/Drivers/STM32F1xx_HAL_Driver/Src/stm32f1xx_hal_tim.c.obj
 .debug_line    0x00008ccf     0x1c59 CMakeFiles/RC2.elf.dir/Drivers/STM32F1xx_HAL_Driver/Src/stm32f1xx_hal_tim_ex.c.obj
 .debug_line    0x0000a928     0x43ca CMakeFiles/RC2.elf.dir/Drivers/STM32F1xx_HAL_Driver/Src/stm32f1xx_hal_uart.c.obj

.debug_str      0x00000000     0x38e5
 .debug_str     0x00000000      0x614 CMakeFiles/RC2.elf.dir/Core/Src/My_esp8266.c.obj
                                0x6c1 (size before relaxing)
 .debug_str     0x00000614      0x107 CMakeFiles/RC2.elf.dir/Core/Src/gpio.c.obj
                                0x2ac (size before relaxing)
 .debug_str     0x0000071b      0x253 CMakeFiles/RC2.elf.dir/Core/Src/main.c.obj
                                0x8d2 (size before relaxing)
 .debug_str     0x0000096e       0x6e CMakeFiles/RC2.elf.dir/Core/Src/stm32f1xx_hal_msp.c.obj
                                0x240 (size before relaxing)
 .debug_str     0x000009dc      0x3bc CMakeFiles/RC2.elf.dir/Core/Src/stm32f1xx_it.c.obj
                                0x984 (size before relaxing)
 .debug_str     0x00000d98       0x92 CMakeFiles/RC2.elf.dir/Core/Src/system_stm32f1xx.c.obj
                                0x270 (size before relaxing)
 .debug_str     0x00000e2a      0x4f2 CMakeFiles/RC2.elf.dir/Core/Src/tim.c.obj
                                0xc01 (size before relaxing)
 .debug_str     0x0000131c       0x75 CMakeFiles/RC2.elf.dir/Core/Src/usart.c.obj
                                0xa0e (size before relaxing)
 .debug_str     0x00001391       0x58 CMakeFiles/RC2.elf.dir/Core/Startup/startup_stm32f103c8tx.s.obj
                                 0x81 (size before relaxing)
 .debug_str     0x000013e9      0x306 CMakeFiles/RC2.elf.dir/Drivers/STM32F1xx_HAL_Driver/Src/stm32f1xx_hal.c.obj
                                0x84a (size before relaxing)
 .debug_str     0x000016ef      0x3a8 CMakeFiles/RC2.elf.dir/Drivers/STM32F1xx_HAL_Driver/Src/stm32f1xx_hal_cortex.c.obj
                                0x8ef (size before relaxing)
 .debug_str     0x00001a97      0x253 CMakeFiles/RC2.elf.dir/Drivers/STM32F1xx_HAL_Driver/Src/stm32f1xx_hal_dma.c.obj
                                0x619 (size before relaxing)
 .debug_str     0x00001cea      0x11b CMakeFiles/RC2.elf.dir/Drivers/STM32F1xx_HAL_Driver/Src/stm32f1xx_hal_gpio.c.obj
                                0x41c (size before relaxing)
 .debug_str     0x00001e05      0x208 CMakeFiles/RC2.elf.dir/Drivers/STM32F1xx_HAL_Driver/Src/stm32f1xx_hal_rcc.c.obj
                                0x647 (size before relaxing)
 .debug_str     0x0000200d      0xe16 CMakeFiles/RC2.elf.dir/Drivers/STM32F1xx_HAL_Driver/Src/stm32f1xx_hal_tim.c.obj
                               0x1691 (size before relaxing)
 .debug_str     0x00002e23      0x502 CMakeFiles/RC2.elf.dir/Drivers/STM32F1xx_HAL_Driver/Src/stm32f1xx_hal_tim_ex.c.obj
                                0xead (size before relaxing)
 .debug_str     0x00003325      0x5c0 CMakeFiles/RC2.elf.dir/Drivers/STM32F1xx_HAL_Driver/Src/stm32f1xx_hal_uart.c.obj
                                0xd10 (size before relaxing)

.comment        0x00000000       0x45
 .comment       0x00000000       0x45 CMakeFiles/RC2.elf.dir/Core/Src/My_esp8266.c.obj
                                 0x46 (size before relaxing)
 .comment       0x00000045       0x46 CMakeFiles/RC2.elf.dir/Core/Src/gpio.c.obj
 .comment       0x00000045       0x46 CMakeFiles/RC2.elf.dir/Core/Src/main.c.obj
 .comment       0x00000045       0x46 CMakeFiles/RC2.elf.dir/Core/Src/stm32f1xx_hal_msp.c.obj
 .comment       0x00000045       0x46 CMakeFiles/RC2.elf.dir/Core/Src/stm32f1xx_it.c.obj
 .comment       0x00000045       0x46 CMakeFiles/RC2.elf.dir/Core/Src/system_stm32f1xx.c.obj
 .comment       0x00000045       0x46 CMakeFiles/RC2.elf.dir/Core/Src/tim.c.obj
 .comment       0x00000045       0x46 CMakeFiles/RC2.elf.dir/Core/Src/usart.c.obj
 .comment       0x00000045       0x46 CMakeFiles/RC2.elf.dir/Drivers/STM32F1xx_HAL_Driver/Src/stm32f1xx_hal.c.obj
 .comment       0x00000045       0x46 CMakeFiles/RC2.elf.dir/Drivers/STM32F1xx_HAL_Driver/Src/stm32f1xx_hal_cortex.c.obj
 .comment       0x00000045       0x46 CMakeFiles/RC2.elf.dir/Drivers/STM32F1xx_HAL_Driver/Src/stm32f1xx_hal_dma.c.obj
 .comment       0x00000045       0x46 CMakeFiles/RC2.elf.dir/Drivers/STM32F1xx_HAL_Driver/Src/stm32f1xx_hal_gpio.c.obj
 .comment       0x00000045       0x46 CMakeFiles/RC2.elf.dir/Drivers/STM32F1xx_HAL_Driver/Src/stm32f1xx_hal_rcc.c.obj
 .comment       0x00000045       0x46 CMakeFiles/RC2.elf.dir/Drivers/STM32F1xx_HAL_Driver/Src/stm32f1xx_hal_tim.c.obj
 .comment       0x00000045       0x46 CMakeFiles/RC2.elf.dir/Drivers/STM32F1xx_HAL_Driver/Src/stm32f1xx_hal_tim_ex.c.obj
 .comment       0x00000045       0x46 CMakeFiles/RC2.elf.dir/Drivers/STM32F1xx_HAL_Driver/Src/stm32f1xx_hal_uart.c.obj

.debug_frame    0x00000000     0x22fc
 .debug_frame   0x00000000       0x94 CMakeFiles/RC2.elf.dir/Core/Src/My_esp8266.c.obj
 .debug_frame   0x00000094       0x38 CMakeFiles/RC2.elf.dir/Core/Src/gpio.c.obj
 .debug_frame   0x000000cc       0x74 CMakeFiles/RC2.elf.dir/Core/Src/main.c.obj
 .debug_frame   0x00000140       0x28 CMakeFiles/RC2.elf.dir/Core/Src/stm32f1xx_hal_msp.c.obj
 .debug_frame   0x00000168       0xd8 CMakeFiles/RC2.elf.dir/Core/Src/stm32f1xx_it.c.obj
 .debug_frame   0x00000240       0x30 CMakeFiles/RC2.elf.dir/Core/Src/system_stm32f1xx.c.obj
 .debug_frame   0x00000270       0xa8 CMakeFiles/RC2.elf.dir/Core/Src/tim.c.obj
 .debug_frame   0x00000318       0x64 CMakeFiles/RC2.elf.dir/Core/Src/usart.c.obj
 .debug_frame   0x0000037c      0x1cc CMakeFiles/RC2.elf.dir/Drivers/STM32F1xx_HAL_Driver/Src/stm32f1xx_hal.c.obj
 .debug_frame   0x00000548      0x19c CMakeFiles/RC2.elf.dir/Drivers/STM32F1xx_HAL_Driver/Src/stm32f1xx_hal_cortex.c.obj
 .debug_frame   0x000006e4      0x144 CMakeFiles/RC2.elf.dir/Drivers/STM32F1xx_HAL_Driver/Src/stm32f1xx_hal_dma.c.obj
 .debug_frame   0x00000828       0xe4 CMakeFiles/RC2.elf.dir/Drivers/STM32F1xx_HAL_Driver/Src/stm32f1xx_hal_gpio.c.obj
 .debug_frame   0x0000090c      0x184 CMakeFiles/RC2.elf.dir/Drivers/STM32F1xx_HAL_Driver/Src/stm32f1xx_hal_rcc.c.obj
 .debug_frame   0x00000a90      0xb14 CMakeFiles/RC2.elf.dir/Drivers/STM32F1xx_HAL_Driver/Src/stm32f1xx_hal_tim.c.obj
 .debug_frame   0x000015a4      0x40c CMakeFiles/RC2.elf.dir/Drivers/STM32F1xx_HAL_Driver/Src/stm32f1xx_hal_tim_ex.c.obj
 .debug_frame   0x000019b0      0x5d4 CMakeFiles/RC2.elf.dir/Drivers/STM32F1xx_HAL_Driver/Src/stm32f1xx_hal_uart.c.obj
 .debug_frame   0x00001f84       0x2c c:/progra~2/armgnu~1/125863~1.3re/bin/../lib/gcc/arm-none-eabi/12.3.1/thumb/v7-m/nofp\libg.a(libc_a-memset.o)
 .debug_frame   0x00001fb0       0x34 c:/progra~2/armgnu~1/125863~1.3re/bin/../lib/gcc/arm-none-eabi/12.3.1/thumb/v7-m/nofp\libg.a(libc_a-strchr.o)
 .debug_frame   0x00001fe4       0xec c:/progra~2/armgnu~1/125863~1.3re/bin/../lib/gcc/arm-none-eabi/12.3.1/thumb/v7-m/nofp\libg.a(libc_a-strstr.o)
 .debug_frame   0x000020d0       0x2c c:/progra~2/armgnu~1/125863~1.3re/bin/../lib/gcc/arm-none-eabi/12.3.1/thumb/v7-m/nofp\libg.a(libc_a-init.o)
 .debug_frame   0x000020fc       0xb0 c:/progra~2/armgnu~1/125863~1.3re/bin/../lib/gcc/arm-none-eabi/12.3.1/thumb/v7-m/nofp\libg.a(libc_a-lock.o)
 .debug_frame   0x000021ac       0x20 c:/progra~2/armgnu~1/125863~1.3re/bin/../lib/gcc/arm-none-eabi/12.3.1/thumb/v7-m/nofp\libg.a(libc_a-strlen-stub.o)
 .debug_frame   0x000021cc       0x5c c:/progra~2/armgnu~1/125863~1.3re/bin/../lib/gcc/arm-none-eabi/12.3.1/thumb/v7-m/nofp\libg.a(libc_a-__call_atexit.o)
 .debug_frame   0x00002228       0x20 c:/progra~2/armgnu~1/125863~1.3re/bin/../lib/gcc/arm-none-eabi/12.3.1/thumb/v7-m/nofp\libg.a(libc_a-atexit.o)
 .debug_frame   0x00002248       0x2c c:/progra~2/armgnu~1/125863~1.3re/bin/../lib/gcc/arm-none-eabi/12.3.1/thumb/v7-m/nofp\libg.a(libc_a-memcmp.o)
 .debug_frame   0x00002274       0x20 c:/progra~2/armgnu~1/125863~1.3re/bin/../lib/gcc/arm-none-eabi/12.3.1/thumb/v7-m/nofp\libg.a(libc_a-strnlen.o)
 .debug_frame   0x00002294       0x34 c:/progra~2/armgnu~1/125863~1.3re/bin/../lib/gcc/arm-none-eabi/12.3.1/thumb/v7-m/nofp\libg.a(libc_a-fini.o)
 .debug_frame   0x000022c8       0x34 c:/progra~2/armgnu~1/125863~1.3re/bin/../lib/gcc/arm-none-eabi/12.3.1/thumb/v7-m/nofp\libg.a(libc_a-__atexit.o)

.debug_line_str
                0x00000000       0x65
 .debug_line_str
                0x00000000       0x65 CMakeFiles/RC2.elf.dir/Core/Startup/startup_stm32f103c8tx.s.obj
